// Jest Snapshot v1, https://goo.gl/fbAQLP

exports[`<App/> renders correctly 1`] = `
Array [
  <header>
    <h1>
      RESTy
    </h1>
  </header>,
  <main>
    <div>
      <label>
        URL: 
        <input
          onChange={[Function]}
          value="www.google.com"
        />
      </label>
      <button
        disabled={false}
        onClick={[Function]}
        type="button"
      >
        Go
      </button>
      <div
        class="checkRadioContainer"
      >
        <label>
          <input
            checked="checked"
            name="radioGroup"
            onChange={[Function]}
            type="radio"
            value="GET"
          />
          <i
            class="fa fa-check fa-2x"
          />
          <span>
            GET
          </span>
        </label>
        <label>
          <input
            name="radioGroup"
            onChange={[Function]}
            type="radio"
            value="POST"
          />
          <i
            class="fa fa-check fa-2x"
          />
          <span>
            POST
          </span>
        </label>
        <label>
          <input
            name="radioGroup"
            onChange={[Function]}
            type="radio"
            value="PUT"
          />
          <i
            class="fa fa-check fa-2x"
          />
          <span>
            PUT
          </span>
        </label>
        <label>
          <input
            name="radioGroup"
            onChange={[Function]}
            type="radio"
            value="DELETE"
          />
          <i
            class="fa fa-check fa-2x"
          />
          <span>
            DELETE
          </span>
        </label>
      </div>
      <div>
        <textarea
          cols="50"
          id="textarea"
          name="textarea"
          rows="10"
          value="GET www.google.com"
        />
      </div>
    </div>
  </main>,
  <footer>
    <p>
      Â©2020 Code Fellows
    </p>
  </footer>,
]
`;
